------------------------------------------------------------
TimeQuest Timing Analyzer Summary
------------------------------------------------------------

Type  : Slow 1100mV 85C Model Setup 'main_stopwatch:inst|CLOCK_100HZ'
Slack : -5.247
TNS   : -220.746

Type  : Slow 1100mV 85C Model Setup 'CLOCK_50'
Slack : -2.791
TNS   : -161.247

Type  : Slow 1100mV 85C Model Setup 'main_stopwatch:inst|CLOCK_40HZ'
Slack : -2.534
TNS   : -4.804

Type  : Slow 1100mV 85C Model Setup 'key_start_pause'
Slack : -0.640
TNS   : -0.640

Type  : Slow 1100mV 85C Model Setup 'key_display_stop'
Slack : -0.454
TNS   : -0.454

Type  : Slow 1100mV 85C Model Hold 'CLOCK_50'
Slack : -1.718
TNS   : -3.288

Type  : Slow 1100mV 85C Model Hold 'key_display_stop'
Slack : -1.323
TNS   : -1.323

Type  : Slow 1100mV 85C Model Hold 'key_start_pause'
Slack : -1.186
TNS   : -1.186

Type  : Slow 1100mV 85C Model Hold 'main_stopwatch:inst|CLOCK_40HZ'
Slack : -0.081
TNS   : -0.081

Type  : Slow 1100mV 85C Model Hold 'main_stopwatch:inst|CLOCK_100HZ'
Slack : 0.286
TNS   : 0.000

Type  : Slow 1100mV 85C Model Minimum Pulse Width 'CLOCK_50'
Slack : -0.457
TNS   : -34.266

Type  : Slow 1100mV 85C Model Minimum Pulse Width 'key_display_stop'
Slack : -0.419
TNS   : -0.813

Type  : Slow 1100mV 85C Model Minimum Pulse Width 'key_start_pause'
Slack : -0.398
TNS   : -0.792

Type  : Slow 1100mV 85C Model Minimum Pulse Width 'main_stopwatch:inst|CLOCK_100HZ'
Slack : -0.394
TNS   : -24.602

Type  : Slow 1100mV 85C Model Minimum Pulse Width 'main_stopwatch:inst|CLOCK_40HZ'
Slack : -0.394
TNS   : -3.551

Type  : Slow 1100mV 0C Model Setup 'main_stopwatch:inst|CLOCK_100HZ'
Slack : -5.092
TNS   : -212.001

Type  : Slow 1100mV 0C Model Setup 'CLOCK_50'
Slack : -2.966
TNS   : -159.652

Type  : Slow 1100mV 0C Model Setup 'main_stopwatch:inst|CLOCK_40HZ'
Slack : -2.542
TNS   : -4.852

Type  : Slow 1100mV 0C Model Setup 'key_start_pause'
Slack : -0.647
TNS   : -0.647

Type  : Slow 1100mV 0C Model Setup 'key_display_stop'
Slack : -0.449
TNS   : -0.449

Type  : Slow 1100mV 0C Model Hold 'CLOCK_50'
Slack : -1.672
TNS   : -3.101

Type  : Slow 1100mV 0C Model Hold 'key_display_stop'
Slack : -1.227
TNS   : -1.227

Type  : Slow 1100mV 0C Model Hold 'key_start_pause'
Slack : -1.170
TNS   : -1.170

Type  : Slow 1100mV 0C Model Hold 'main_stopwatch:inst|CLOCK_40HZ'
Slack : -0.067
TNS   : -0.067

Type  : Slow 1100mV 0C Model Hold 'main_stopwatch:inst|CLOCK_100HZ'
Slack : 0.273
TNS   : 0.000

Type  : Slow 1100mV 0C Model Minimum Pulse Width 'CLOCK_50'
Slack : -0.523
TNS   : -37.673

Type  : Slow 1100mV 0C Model Minimum Pulse Width 'key_display_stop'
Slack : -0.488
TNS   : -0.882

Type  : Slow 1100mV 0C Model Minimum Pulse Width 'key_start_pause'
Slack : -0.450
TNS   : -0.844

Type  : Slow 1100mV 0C Model Minimum Pulse Width 'main_stopwatch:inst|CLOCK_100HZ'
Slack : -0.394
TNS   : -24.656

Type  : Slow 1100mV 0C Model Minimum Pulse Width 'main_stopwatch:inst|CLOCK_40HZ'
Slack : -0.394
TNS   : -3.791

Type  : Fast 1100mV 85C Model Setup 'main_stopwatch:inst|CLOCK_100HZ'
Slack : -2.708
TNS   : -111.418

Type  : Fast 1100mV 85C Model Setup 'main_stopwatch:inst|CLOCK_40HZ'
Slack : -1.739
TNS   : -3.098

Type  : Fast 1100mV 85C Model Setup 'CLOCK_50'
Slack : -1.291
TNS   : -65.739

Type  : Fast 1100mV 85C Model Setup 'key_start_pause'
Slack : -0.160
TNS   : -0.160

Type  : Fast 1100mV 85C Model Setup 'key_display_stop'
Slack : -0.080
TNS   : -0.080

Type  : Fast 1100mV 85C Model Hold 'CLOCK_50'
Slack : -0.919
TNS   : -1.732

Type  : Fast 1100mV 85C Model Hold 'key_display_stop'
Slack : -0.823
TNS   : -0.823

Type  : Fast 1100mV 85C Model Hold 'key_start_pause'
Slack : -0.707
TNS   : -0.707

Type  : Fast 1100mV 85C Model Hold 'main_stopwatch:inst|CLOCK_40HZ'
Slack : -0.091
TNS   : -0.091

Type  : Fast 1100mV 85C Model Hold 'main_stopwatch:inst|CLOCK_100HZ'
Slack : 0.136
TNS   : 0.000

Type  : Fast 1100mV 85C Model Minimum Pulse Width 'CLOCK_50'
Slack : -0.517
TNS   : -6.628

Type  : Fast 1100mV 85C Model Minimum Pulse Width 'key_display_stop'
Slack : -0.481
TNS   : -0.610

Type  : Fast 1100mV 85C Model Minimum Pulse Width 'key_start_pause'
Slack : -0.468
TNS   : -0.585

Type  : Fast 1100mV 85C Model Minimum Pulse Width 'main_stopwatch:inst|CLOCK_40HZ'
Slack : -0.019
TNS   : -0.057

Type  : Fast 1100mV 85C Model Minimum Pulse Width 'main_stopwatch:inst|CLOCK_100HZ'
Slack : 0.127
TNS   : 0.000

Type  : Fast 1100mV 0C Model Setup 'main_stopwatch:inst|CLOCK_100HZ'
Slack : -2.493
TNS   : -102.118

Type  : Fast 1100mV 0C Model Setup 'main_stopwatch:inst|CLOCK_40HZ'
Slack : -1.721
TNS   : -3.117

Type  : Fast 1100mV 0C Model Setup 'CLOCK_50'
Slack : -1.256
TNS   : -57.715

Type  : Fast 1100mV 0C Model Setup 'key_start_pause'
Slack : -0.077
TNS   : -0.077

Type  : Fast 1100mV 0C Model Setup 'key_display_stop'
Slack : -0.013
TNS   : -0.013

Type  : Fast 1100mV 0C Model Hold 'CLOCK_50'
Slack : -0.934
TNS   : -1.696

Type  : Fast 1100mV 0C Model Hold 'key_display_stop'
Slack : -0.814
TNS   : -0.814

Type  : Fast 1100mV 0C Model Hold 'key_start_pause'
Slack : -0.743
TNS   : -0.743

Type  : Fast 1100mV 0C Model Hold 'main_stopwatch:inst|CLOCK_40HZ'
Slack : -0.082
TNS   : -0.082

Type  : Fast 1100mV 0C Model Hold 'main_stopwatch:inst|CLOCK_100HZ'
Slack : 0.122
TNS   : 0.000

Type  : Fast 1100mV 0C Model Minimum Pulse Width 'CLOCK_50'
Slack : -0.536
TNS   : -6.654

Type  : Fast 1100mV 0C Model Minimum Pulse Width 'key_display_stop'
Slack : -0.503
TNS   : -0.664

Type  : Fast 1100mV 0C Model Minimum Pulse Width 'key_start_pause'
Slack : -0.493
TNS   : -0.643

Type  : Fast 1100mV 0C Model Minimum Pulse Width 'main_stopwatch:inst|CLOCK_40HZ'
Slack : -0.013
TNS   : -0.039

Type  : Fast 1100mV 0C Model Minimum Pulse Width 'main_stopwatch:inst|CLOCK_100HZ'
Slack : 0.134
TNS   : 0.000

------------------------------------------------------------
